
     Program PWSCF v.6.4.1 starts on 24Jun2019 at 21:35:28 

     This program is part of the open-source Quantum ESPRESSO suite
     for quantum simulation of materials; please cite
         "P. Giannozzi et al., J. Phys.:Condens. Matter 21 395502 (2009);
         "P. Giannozzi et al., J. Phys.:Condens. Matter 29 465901 (2017);
          URL http://www.quantum-espresso.org", 
     in publications or presentations arising from this work. More details at
     http://www.quantum-espresso.org/quote

     Parallel version (MPI), running on     1 processors

     MPI processes distributed on     1 nodes
     Reading input from si.scf.in

     Current dimensions of program PWSCF are:
     Max number of different atomic species (ntypx) = 10
     Max number of k-points (npk) =  40000
     Max angular momentum in pseudopotentials (lmaxx) =  3

     Subspace diagonalization in iterative solution of the eigenvalue problem:
     a serial algorithm will be used


     G-vector sticks info
     --------------------
     sticks:   dense  smooth     PW     G-vecs:    dense   smooth      PW
     Sum         283     283     97                 3143     3143     645



     bravais-lattice index     =            2
     lattice parameter (alat)  =      10.2000  a.u.
     unit-cell volume          =     265.3020 (a.u.)^3
     number of atoms/cell      =            2
     number of atomic types    =            1
     number of electrons       =         8.00
     number of Kohn-Sham states=            4
     kinetic-energy cutoff     =      20.0000  Ry
     charge density cutoff     =      80.0000  Ry
     convergence threshold     =      1.0E-06
     mixing beta               =       0.7000
     number of iterations used =            8  plain     mixing
     Exchange-correlation      = SLA PZ NOGX NOGC ( 1  1  0  0 0 0)

     celldm(1)=  10.200000  celldm(2)=   0.000000  celldm(3)=   0.000000
     celldm(4)=   0.000000  celldm(5)=   0.000000  celldm(6)=   0.000000

     crystal axes: (cart. coord. in units of alat)
               a(1) = (  -0.500000   0.000000   0.500000 )  
               a(2) = (   0.000000   0.500000   0.500000 )  
               a(3) = (  -0.500000   0.500000   0.000000 )  

     reciprocal axes: (cart. coord. in units 2 pi/alat)
               b(1) = ( -1.000000 -1.000000  1.000000 )  
               b(2) = (  1.000000  1.000000  1.000000 )  
               b(3) = ( -1.000000  1.000000 -1.000000 )  


     PseudoPot. # 1 for Si read from file:
     /home/anonymous/quantumEspresso_2019/q-e-qe-6.4.1_2_MPICH/pseudo/Si.pz-vbc.UPF
     MD5 check sum: 9f25e6ff280f3123e9b3a84715b2e9c9
     Pseudo is Norm-conserving, Zval =  4.0
     Generated by new atomic code, or converted to UPF format
     Using radial grid of  431 points,  2 beta functions with: 
                l(1) =   0
                l(2) =   1

     atomic species   valence    mass     pseudopotential
        Si             4.00    28.08600     Si( 1.00)

     48 Sym. Ops., with inversion, found (24 have fractional translation)



   Cartesian axes

     site n.     atom                  positions (alat units)
         1           Si  tau(   1) = (   0.0000000   0.0000000   0.0000000  )
         2           Si  tau(   2) = (   0.2500000   0.2500000   0.2500000  )

     number of k points=    16
                       cart. coord. in units 2pi/alat
        k(    1) = (   0.0000000   0.0000000   0.0000000), wk =   0.0092593
        k(    2) = (  -0.1666667   0.1666667  -0.1666667), wk =   0.0740741
        k(    3) = (  -0.3333333   0.3333333  -0.3333333), wk =   0.0740741
        k(    4) = (   0.5000000  -0.5000000   0.5000000), wk =   0.0370370
        k(    5) = (   0.0000000   0.3333333   0.0000000), wk =   0.0555556
        k(    6) = (  -0.1666667   0.5000000  -0.1666667), wk =   0.2222222
        k(    7) = (   0.6666667  -0.3333333   0.6666667), wk =   0.2222222
        k(    8) = (   0.5000000  -0.1666667   0.5000000), wk =   0.2222222
        k(    9) = (   0.3333333   0.0000000   0.3333333), wk =   0.1111111
        k(   10) = (   0.0000000   0.6666667   0.0000000), wk =   0.0555556
        k(   11) = (   0.8333333  -0.1666667   0.8333333), wk =   0.2222222
        k(   12) = (   0.6666667  -0.0000000   0.6666667), wk =   0.1111111
        k(   13) = (   0.0000000  -1.0000000   0.0000000), wk =   0.0277778
        k(   14) = (   0.6666667  -0.3333333   1.0000000), wk =   0.2222222
        k(   15) = (   0.5000000  -0.1666667   0.8333333), wk =   0.2222222
        k(   16) = (  -0.3333333  -1.0000000   0.0000000), wk =   0.1111111

     Dense  grid:     3143 G-vectors     FFT dimensions: (  24,  24,  24)

     Estimated max dynamical RAM per process >       3.03 MB

     Initial potential from superposition of free atoms

     starting charge    7.99901, renormalised to    8.00000
     Starting wfcs are    8 randomized atomic wfcs

     total cpu time spent up to now is        0.2 secs

     Self-consistent Calculation

     iteration #  1     ecut=    20.00 Ry     beta= 0.70
     Davidson diagonalization with overlap
     ethr =  1.00E-02,  avg # of iterations =  2.0

     Threshold (ethr) on eigenvalues was too large:
     Diagonalizing with lowered threshold

     Davidson diagonalization with overlap
     ethr =  7.93E-04,  avg # of iterations =  1.0

     total cpu time spent up to now is        0.4 secs

     total energy              =     -15.84234218 Ry
     Harris-Foulkes estimate   =     -15.86372245 Ry
     estimated scf accuracy    <       0.06252938 Ry

     iteration #  2     ecut=    20.00 Ry     beta= 0.70
     Davidson diagonalization with overlap
     ethr =  7.82E-04,  avg # of iterations =  1.0

     total cpu time spent up to now is        0.5 secs

     total energy              =     -15.84545473 Ry
     Harris-Foulkes estimate   =     -15.84576569 Ry
     estimated scf accuracy    <       0.00218999 Ry

     iteration #  3     ecut=    20.00 Ry     beta= 0.70
     Davidson diagonalization with overlap
     ethr =  2.74E-05,  avg # of iterations =  2.2

     total cpu time spent up to now is        0.5 secs

     total energy              =     -15.84586950 Ry
     Harris-Foulkes estimate   =     -15.84590055 Ry
     estimated scf accuracy    <       0.00007084 Ry

     iteration #  4     ecut=    20.00 Ry     beta= 0.70
     Davidson diagonalization with overlap
     ethr =  8.86E-07,  avg # of iterations =  2.1

     total cpu time spent up to now is        0.6 secs

     total energy              =     -15.84588527 Ry
     Harris-Foulkes estimate   =     -15.84588852 Ry
     estimated scf accuracy    <       0.00000698 Ry

     iteration #  5     ecut=    20.00 Ry     beta= 0.70
     Davidson diagonalization with overlap
     ethr =  8.73E-08,  avg # of iterations =  2.1

     total cpu time spent up to now is        0.7 secs

     End of self-consistent calculation

          k = 0.0000 0.0000 0.0000 (   411 PWs)   bands (ev):

    -5.8109   6.2542   6.2542   6.2542

          k =-0.1667 0.1667-0.1667 (   387 PWs)   bands (ev):

    -5.4427   3.8575   5.7953   5.7953

          k =-0.3333 0.3333-0.3333 (   401 PWs)   bands (ev):

    -4.4074   0.8591   5.2342   5.2342

          k = 0.5000-0.5000 0.5000 (   392 PWs)   bands (ev):

    -3.4162  -0.8203   5.0338   5.0338

          k = 0.0000 0.3333 0.0000 (   399 PWs)   bands (ev):

    -5.3189   4.2410   5.0312   5.0312

          k =-0.1667 0.5000-0.1667 (   398 PWs)   bands (ev):

    -4.4889   1.7973   4.2256   4.4678

          k = 0.6667-0.3333 0.6667 (   403 PWs)   bands (ev):

    -3.2632  -0.4266   3.4263   4.4390

          k = 0.5000-0.1667 0.5000 (   404 PWs)   bands (ev):

    -3.6618   0.1904   3.1432   4.9303

          k = 0.3333 0.0000 0.3333 (   397 PWs)   bands (ev):

    -4.8447   2.5289   3.7771   5.6812

          k = 0.0000 0.6667 0.0000 (   399 PWs)   bands (ev):

    -3.8744   1.2520   3.7818   3.7818

          k = 0.8333-0.1667 0.8333 (   402 PWs)   bands (ev):

    -2.6869  -0.3257   2.5228   3.6425

          k = 0.6667-0.0000 0.6667 (   403 PWs)   bands (ev):

    -2.4763  -0.5437   1.7148   4.0951

          k = 0.0000-1.0000 0.0000 (   388 PWs)   bands (ev):

    -1.5956  -1.5956   3.3383   3.3383

          k = 0.6667-0.3333 1.0000 (   407 PWs)   bands (ev):

    -3.4798   0.6009   2.5896   3.8999

          k = 0.5000-0.1667 0.8333 (   400 PWs)   bands (ev):

    -2.4641  -0.6278   2.1433   3.4167

          k =-0.3333-1.0000 0.0000 (   398 PWs)   bands (ev):

    -1.4661  -1.4661   2.5070   2.5070

     highest occupied level (ev):     6.2542

!    total energy              =     -15.84588636 Ry
     Harris-Foulkes estimate   =     -15.84588640 Ry
     estimated scf accuracy    <       0.00000008 Ry

     The total energy is the sum of the following terms:

     one-electron contribution =       4.79013867 Ry
     hartree contribution      =       1.08111133 Ry
     xc contribution           =      -4.81737777 Ry
     ewald contribution        =     -16.89975859 Ry

     convergence has been achieved in   5 iterations

     Writing output data file si.save/

     init_run     :      0.12s CPU      0.12s WALL (       1 calls)
     electrons    :      0.50s CPU      0.50s WALL (       1 calls)

     Called by init_run:
     wfcinit      :      0.06s CPU      0.06s WALL (       1 calls)
     potinit      :      0.01s CPU      0.01s WALL (       1 calls)
     hinit0       :      0.05s CPU      0.05s WALL (       1 calls)

     Called by electrons:
     c_bands      :      0.40s CPU      0.40s WALL (       6 calls)
     sum_band     :      0.08s CPU      0.08s WALL (       6 calls)
     v_of_rho     :      0.01s CPU      0.01s WALL (       6 calls)
     mix_rho      :      0.00s CPU      0.00s WALL (       6 calls)

     Called by c_bands:
     init_us_2    :      0.02s CPU      0.02s WALL (     208 calls)
     cegterg      :      0.39s CPU      0.39s WALL (      96 calls)

     Called by sum_band:

     Called by *egterg:
     h_psi        :      0.40s CPU      0.40s WALL (     280 calls)
     g_psi        :      0.00s CPU      0.00s WALL (     168 calls)
     cdiaghg      :      0.01s CPU      0.01s WALL (     248 calls)

     Called by h_psi:
     h_psi:pot    :      0.40s CPU      0.40s WALL (     280 calls)
     h_psi:calbec :      0.01s CPU      0.01s WALL (     280 calls)
     vloc_psi     :      0.38s CPU      0.38s WALL (     280 calls)
     add_vuspsi   :      0.01s CPU      0.01s WALL (     280 calls)

     General routines
     calbec       :      0.01s CPU      0.01s WALL (     280 calls)
     fft          :      0.01s CPU      0.01s WALL (      18 calls)
     ffts         :      0.00s CPU      0.00s WALL (       6 calls)
     fftw         :      0.40s CPU      0.40s WALL (    2626 calls)

     Parallel routines

     PWSCF        :      0.71s CPU      0.74s WALL


   This run was terminated on:  21:35:29  24Jun2019            

=------------------------------------------------------------------------------=
   JOB DONE.
=------------------------------------------------------------------------------=
